   1               		.file	"main.c"
   2               	__SREG__ = 0x3f
   3               	__SP_H__ = 0x3e
   4               	__SP_L__ = 0x3d
   5               	__CCP__  = 0x34
   6               	__tmp_reg__ = 0
   7               	__zero_reg__ = 1
  15               	.Ltext0:
  16               	.global	vApplicationIdleHook
  18               	vApplicationIdleHook:
  19               	.LFB6:
  20               	.LM1:
  21               	/* prologue: function */
  22               	/* frame size = 0 */
  23               	.LM2:
  24 0000 0E94 0000 		call vCoRoutineSchedule
  25               	/* epilogue start */
  26               	.LM3:
  27 0004 0895      		ret
  28               	.LFE6:
  30               		.data
  31               	.LC0:
  32 0000 4368 6563 		.string	"Check"
  32      6B00 
  33               		.text
  34               	.global	main
  36               	main:
  37               	.LFB2:
  38               	.LM4:
  39 0006 EF92      		push r14
  40 0008 FF92      		push r15
  41 000a 0F93      		push r16
  42 000c DF93      		push r29
  43 000e CF93      		push r28
  44 0010 0F92      		push __tmp_reg__
  45 0012 CDB7      		in r28,__SP_L__
  46 0014 DEB7      		in r29,__SP_H__
  47               	/* prologue: function */
  48               	/* frame size = 1 */
  49               	.LBB6:
  50               	.LBB7:
  51               	.LM5:
  52 0016 CE01      		movw r24,r28
  53 0018 0196      		adiw r24,1
  54 001a 60E5      		ldi r22,lo8(80)
  55 001c 70E0      		ldi r23,hi8(80)
  56 001e 41E0      		ldi r20,lo8(1)
  57 0020 50E0      		ldi r21,hi8(1)
  58 0022 0E94 0000 		call __eerd_block_m2560
  59               	.LM6:
  60 0026 6981      		ldd r22,Y+1
  61               	.LVL0:
  62 0028 6F5F      		subi r22,lo8(-(1))
  63 002a 6983      		std Y+1,r22
  64               	.LVL1:
  65               	.LM7:
  66 002c 80E5      		ldi r24,lo8(80)
  67 002e 90E0      		ldi r25,hi8(80)
  68 0030 0E94 0000 		call __eewr_byte_m2560
  69               	.LBE7:
  70               	.LBE6:
  71               	.LM8:
  72 0034 0E94 0000 		call vParTestInitialise
  73               	.LM9:
  74 0038 80E0      		ldi r24,lo8(0)
  75 003a 0E94 0000 		call vStartIntegerMathTasks
  76               	.LM10:
  77 003e 82E0      		ldi r24,lo8(2)
  78 0040 40E0      		ldi r20,lo8(38400)
  79 0042 56E9      		ldi r21,hi8(38400)
  80 0044 60E0      		ldi r22,hlo8(38400)
  81 0046 70E0      		ldi r23,hhi8(38400)
  82 0048 24E0      		ldi r18,lo8(4)
  83 004a 0E94 0000 		call vAltStartComTestTasks
  84               	.LM11:
  85 004e 82E0      		ldi r24,lo8(2)
  86 0050 0E94 0000 		call vStartPolledQueueTasks
  87               	.LM12:
  88 0054 0E94 0000 		call vStartRegTestTasks
  89               	.LM13:
  90 0058 80E0      		ldi r24,lo8(gs(vErrorChecks))
  91 005a 90E0      		ldi r25,hi8(gs(vErrorChecks))
  92 005c 60E0      		ldi r22,lo8(.LC0)
  93 005e 70E0      		ldi r23,hi8(.LC0)
  94 0060 45E5      		ldi r20,lo8(85)
  95 0062 50E0      		ldi r21,hi8(85)
  96 0064 20E0      		ldi r18,lo8(0)
  97 0066 30E0      		ldi r19,hi8(0)
  98 0068 03E0      		ldi r16,lo8(3)
  99 006a EE24      		clr r14
 100 006c FF24      		clr r15
 101 006e 0E94 0000 		call xTaskCreate
 102               	.LM14:
 103 0072 83E0      		ldi r24,lo8(3)
 104 0074 0E94 0000 		call vStartFlashCoRoutines
 105               	.LM15:
 106 0078 0E94 0000 		call vTaskStartScheduler
 107               	.LM16:
 108 007c 80E0      		ldi r24,lo8(0)
 109 007e 90E0      		ldi r25,hi8(0)
 110               	/* epilogue start */
 111 0080 0F90      		pop __tmp_reg__
 112 0082 CF91      		pop r28
 113 0084 DF91      		pop r29
 114 0086 0F91      		pop r16
 115 0088 FF90      		pop r15
 116 008a EF90      		pop r14
 117 008c 0895      		ret
 118               	.LFE2:
 121               	vErrorChecks:
 122               	.LFB3:
 123               	.LM17:
 124               	.LVL2:
 125 008e 1F93      		push r17
 126               	/* prologue: function */
 127               	/* frame size = 0 */
 128               	.LBB8:
 129               	.LBB9:
 130               	.LM18:
 131 0090 11E0      		ldi r17,lo8(1)
 132               	.L14:
 133               	.LBE9:
 134               	.LBE8:
 135               	.LM19:
 136 0092 88EB      		ldi r24,lo8(3000)
 137 0094 9BE0      		ldi r25,hi8(3000)
 138               	.LVL3:
 139 0096 0E94 0000 		call vTaskDelay
 140               	.LM20:
 141 009a 2091 0000 		lds r18,ulDummyVariable.1942
 142 009e 3091 0000 		lds r19,(ulDummyVariable.1942)+1
 143 00a2 4091 0000 		lds r20,(ulDummyVariable.1942)+2
 144 00a6 5091 0000 		lds r21,(ulDummyVariable.1942)+3
 145 00aa DA01      		movw r26,r20
 146 00ac C901      		movw r24,r18
 147 00ae 880F      		lsl r24
 148 00b0 991F      		rol r25
 149 00b2 AA1F      		rol r26
 150 00b4 BB1F      		rol r27
 151 00b6 820F      		add r24,r18
 152 00b8 931F      		adc r25,r19
 153 00ba A41F      		adc r26,r20
 154 00bc B51F      		adc r27,r21
 155 00be 8093 0000 		sts ulDummyVariable.1942,r24
 156 00c2 9093 0000 		sts (ulDummyVariable.1942)+1,r25
 157 00c6 A093 0000 		sts (ulDummyVariable.1942)+2,r26
 158 00ca B093 0000 		sts (ulDummyVariable.1942)+3,r27
 159               	.LBB14:
 160               	.LM21:
 161 00ce 0E94 0000 		call xAreIntegerMathsTaskStillRunning
 162               	.LBB10:
 163 00d2 8130      		cpi r24,lo8(1)
 164 00d4 01F0      		breq .L6
 165               	.LM22:
 166 00d6 1093 0000 		sts xErrorHasOccurred.1949,r17
 167               	.L6:
 168               	.LBE10:
 169               	.LM23:
 170 00da 0E94 0000 		call xAreComTestTasksStillRunning
 171               	.LBB11:
 172 00de 8130      		cpi r24,lo8(1)
 173 00e0 01F0      		breq .L7
 174               	.LM24:
 175 00e2 1093 0000 		sts xErrorHasOccurred.1949,r17
 176               	.L7:
 177               	.LBE11:
 178               	.LM25:
 179 00e6 0E94 0000 		call xArePollingQueuesStillRunning
 180               	.LBB12:
 181 00ea 8130      		cpi r24,lo8(1)
 182 00ec 01F0      		breq .L8
 183               	.LM26:
 184 00ee 1093 0000 		sts xErrorHasOccurred.1949,r17
 185               	.L8:
 186               	.LBE12:
 187               	.LM27:
 188 00f2 0E94 0000 		call xAreRegTestTasksStillRunning
 189               	.LBB13:
 190 00f6 8130      		cpi r24,lo8(1)
 191 00f8 01F0      		breq .L9
 192               	.LM28:
 193 00fa 1093 0000 		sts xErrorHasOccurred.1949,r17
 194               	.L9:
 195               	.LM29:
 196 00fe 8091 0000 		lds r24,xErrorHasOccurred.1949
 197 0102 8823      		tst r24
 198 0104 01F4      		brne .L14
 199               	.LM30:
 200 0106 87E0      		ldi r24,lo8(7)
 201 0108 0E94 0000 		call vParTestToggleLED
 202 010c 00C0      		rjmp .L14
 203               	.LBE13:
 204               	.LBE14:
 205               	.LFE3:
 207               		.data
 210               	ulDummyVariable.1942:
 211 0006 03        		.byte	3
 212 0007 00        		.byte	0
 213 0008 00        		.byte	0
 214 0009 00        		.byte	0
 215               		.lcomm xErrorHasOccurred.1949,1
 256               	.Letext0:
DEFINED SYMBOLS
                            *ABS*:00000000 main.c
C:\Users\Amalie\AppData\Local\Temp/cck0ZrOM.s:2      *ABS*:0000003f __SREG__
C:\Users\Amalie\AppData\Local\Temp/cck0ZrOM.s:3      *ABS*:0000003e __SP_H__
C:\Users\Amalie\AppData\Local\Temp/cck0ZrOM.s:4      *ABS*:0000003d __SP_L__
C:\Users\Amalie\AppData\Local\Temp/cck0ZrOM.s:5      *ABS*:00000034 __CCP__
C:\Users\Amalie\AppData\Local\Temp/cck0ZrOM.s:6      *ABS*:00000000 __tmp_reg__
C:\Users\Amalie\AppData\Local\Temp/cck0ZrOM.s:7      *ABS*:00000001 __zero_reg__
C:\Users\Amalie\AppData\Local\Temp/cck0ZrOM.s:18     .text:00000000 vApplicationIdleHook
C:\Users\Amalie\AppData\Local\Temp/cck0ZrOM.s:36     .text:00000006 main
C:\Users\Amalie\AppData\Local\Temp/cck0ZrOM.s:121    .text:0000008e vErrorChecks
C:\Users\Amalie\AppData\Local\Temp/cck0ZrOM.s:210    .data:00000006 ulDummyVariable.1942
                             .bss:00000000 xErrorHasOccurred.1949

UNDEFINED SYMBOLS
vCoRoutineSchedule
__eerd_block_m2560
__eewr_byte_m2560
vParTestInitialise
vStartIntegerMathTasks
vAltStartComTestTasks
vStartPolledQueueTasks
vStartRegTestTasks
xTaskCreate
vStartFlashCoRoutines
vTaskStartScheduler
vTaskDelay
xAreIntegerMathsTaskStillRunning
xAreComTestTasksStillRunning
xArePollingQueuesStillRunning
xAreRegTestTasksStillRunning
vParTestToggleLED
__do_copy_data
__do_clear_bss
