Archive member included because of file (symbol)

c:/winavr-20100110/bin/../lib/gcc/avr/4.3.3/avr6\libgcc.a(_udivmodsi4.o)
                              serial/serial.o (__udivmodsi4)
c:/winavr-20100110/bin/../lib/gcc/avr/4.3.3/avr6\libgcc.a(_exit.o)
                              c:/winavr-20100110/bin/../lib/gcc/avr/4.3.3/../../../../avr/lib/avr6/crtm2560.o (exit)
c:/winavr-20100110/bin/../lib/gcc/avr/4.3.3/avr6\libgcc.a(_clear_bss.o)
                              serial/serial.o (__do_clear_bss)
c:/winavr-20100110/bin/../lib/gcc/avr/4.3.3/../../../../avr/lib/avr6\libc.a(memcpy.o)
                              ../../Source/queue.o (memcpy)

Memory Configuration

Name             Origin             Length             Attributes
text             0x00000000         0x00100000         xr
data             0x00800200         0x0000fe00         rw !x
eeprom           0x00810000         0x00010000         rw !x
fuse             0x00820000         0x00000400         rw !x
lock             0x00830000         0x00000400         rw !x
signature        0x00840000         0x00000400         rw !x
*default*        0x00000000         0xffffffff

Linker script and memory map

Address of section .data set to 0x800200
LOAD c:/winavr-20100110/bin/../lib/gcc/avr/4.3.3/../../../../avr/lib/avr6/crtm2560.o
LOAD main.o
LOAD ParTest/ParTest.o
LOAD serial/serial.o
LOAD regtest.o
LOAD ../../Source/tasks.o
LOAD ../../Source/queue.o
LOAD ../../Source/list.o
LOAD ../../Source/croutine.o
LOAD ../../Source/portable/MemMang/heap_1.o
LOAD ../../Source/portable/GCC/ATMega323/port.o
LOAD c:/winavr-20100110/bin/../lib/gcc/avr/4.3.3/../../../../avr/lib/avr6\libm.a
LOAD c:/winavr-20100110/bin/../lib/gcc/avr/4.3.3/avr6\libgcc.a
LOAD c:/winavr-20100110/bin/../lib/gcc/avr/4.3.3/../../../../avr/lib/avr6\libc.a
LOAD c:/winavr-20100110/bin/../lib/gcc/avr/4.3.3/avr6\libgcc.a

.hash
 *(.hash)

.dynsym
 *(.dynsym)

.dynstr
 *(.dynstr)

.gnu.version
 *(.gnu.version)

.gnu.version_d
 *(.gnu.version_d)

.gnu.version_r
 *(.gnu.version_r)

.rel.init
 *(.rel.init)

.rela.init
 *(.rela.init)

.rel.text
 *(.rel.text)
 *(.rel.text.*)
 *(.rel.gnu.linkonce.t*)

.rela.text
 *(.rela.text)
 *(.rela.text.*)
 *(.rela.gnu.linkonce.t*)

.rel.fini
 *(.rel.fini)

.rela.fini
 *(.rela.fini)

.rel.rodata
 *(.rel.rodata)
 *(.rel.rodata.*)
 *(.rel.gnu.linkonce.r*)

.rela.rodata
 *(.rela.rodata)
 *(.rela.rodata.*)
 *(.rela.gnu.linkonce.r*)

.rel.data
 *(.rel.data)
 *(.rel.data.*)
 *(.rel.gnu.linkonce.d*)

.rela.data
 *(.rela.data)
 *(.rela.data.*)
 *(.rela.gnu.linkonce.d*)

.rel.ctors
 *(.rel.ctors)

.rela.ctors
 *(.rela.ctors)

.rel.dtors
 *(.rel.dtors)

.rela.dtors
 *(.rela.dtors)

.rel.got
 *(.rel.got)

.rela.got
 *(.rela.got)

.rel.bss
 *(.rel.bss)

.rela.bss
 *(.rela.bss)

.rel.plt
 *(.rel.plt)

.rela.plt
 *(.rela.plt)

.text           0x00000000     0x259a
 *(.vectors)
 .vectors       0x00000000       0xe4 c:/winavr-20100110/bin/../lib/gcc/avr/4.3.3/../../../../avr/lib/avr6/crtm2560.o
                0x00000000                __vectors
                0x00000000                __vector_default
 *(.vectors)
 *(.progmem.gcc*)
 *(.progmem*)
                0x000000e4                . = ALIGN (0x2)
                0x000000e4                __trampolines_start = .
 *(.trampolines)
 .trampolines   0x000000e4        0x0 linker stubs
 *(.trampolines*)
                0x000000e4                __trampolines_end = .
 *(.jumptables)
 *(.jumptables*)
 *(.lowtext)
 *(.lowtext*)
                0x000000e4                __ctors_start = .
 *(.ctors)
                0x000000e4                __ctors_end = .
                0x000000e4                __dtors_start = .
 *(.dtors)
                0x000000e4                __dtors_end = .
 SORT(*)(.ctors)
 SORT(*)(.dtors)
 *(.init0)
 .init0         0x000000e4        0x0 c:/winavr-20100110/bin/../lib/gcc/avr/4.3.3/../../../../avr/lib/avr6/crtm2560.o
                0x000000e4                __init
 *(.init0)
 *(.init1)
 *(.init1)
 *(.init2)
 .init2         0x000000e4       0x10 c:/winavr-20100110/bin/../lib/gcc/avr/4.3.3/../../../../avr/lib/avr6/crtm2560.o
 *(.init2)
 *(.init3)
 *(.init3)
 *(.init4)
 .init4         0x000000f4       0x1a c:/winavr-20100110/bin/../lib/gcc/avr/4.3.3/../../../../avr/lib/avr6/crtm2560.o
                0x000000f4                __do_copy_data
 .init4         0x0000010e       0x10 c:/winavr-20100110/bin/../lib/gcc/avr/4.3.3/avr6\libgcc.a(_clear_bss.o)
                0x0000010e                __do_clear_bss
 *(.init4)
 *(.init5)
 *(.init5)
 *(.init6)
 *(.init6)
 *(.init7)
 *(.init7)
 *(.init8)
 *(.init8)
 *(.init9)
 .init9         0x0000011e        0x8 c:/winavr-20100110/bin/../lib/gcc/avr/4.3.3/../../../../avr/lib/avr6/crtm2560.o
 *(.init9)
 *(.text)
 .text          0x00000126        0x4 c:/winavr-20100110/bin/../lib/gcc/avr/4.3.3/../../../../avr/lib/avr6/crtm2560.o
                0x00000126                __vector_38
                0x00000126                __vector_22
                0x00000126                __vector_28
                0x00000126                __vector_1
                0x00000126                __vector_32
                0x00000126                __vector_34
                0x00000126                __vector_24
                0x00000126                __vector_12
                0x00000126                __vector_55
                0x00000126                __vector_46
                0x00000126                __bad_interrupt
                0x00000126                __vector_6
                0x00000126                __vector_31
                0x00000126                __vector_35
                0x00000126                __vector_39
                0x00000126                __vector_3
                0x00000126                __vector_23
                0x00000126                __vector_30
                0x00000126                __vector_45
                0x00000126                __vector_25
                0x00000126                __vector_11
                0x00000126                __vector_54
                0x00000126                __vector_13
                0x00000126                __vector_19
                0x00000126                __vector_56
                0x00000126                __vector_7
                0x00000126                __vector_49
                0x00000126                __vector_41
                0x00000126                __vector_43
                0x00000126                __vector_27
                0x00000126                __vector_5
                0x00000126                __vector_33
                0x00000126                __vector_47
                0x00000126                __vector_52
                0x00000126                __vector_4
                0x00000126                __vector_44
                0x00000126                __vector_51
                0x00000126                __vector_9
                0x00000126                __vector_2
                0x00000126                __vector_21
                0x00000126                __vector_15
                0x00000126                __vector_29
                0x00000126                __vector_40
                0x00000126                __vector_8
                0x00000126                __vector_26
                0x00000126                __vector_48
                0x00000126                __vector_14
                0x00000126                __vector_53
                0x00000126                __vector_10
                0x00000126                __vector_50
                0x00000126                __vector_16
                0x00000126                __vector_18
                0x00000126                __vector_20
                0x00000126                __vector_42
 .text          0x0000012a       0x84 main.o
                0x00000130                ledTest
                0x00000166                main
                0x0000012a                vApplicationIdleHook
 .text          0x000001ae       0x9e ParTest/ParTest.o
                0x000001be                vParTestToggleLED
                0x00000204                vParTestSetLED
                0x000001ae                vParTestInitialise
 .text          0x0000024c      0x216 serial/serial.o
                0x0000024c                vSerialClose
                0x00000382                xSerialPutChar
                0x00000268                __vector_37
                0x000003be                xSerialGetChar
                0x000002f6                __vector_36
                0x000003d2                xSerialPortInitMinimal
 .text          0x00000462      0x2d4 regtest.o
                0x00000462                xAreRegTestTasksStillRunning
                0x000006fa                vStartRegTestTasks
 .text          0x00000736      0xe58 ../../Source/tasks.o
                0x00001112                vTaskPlaceOnUnorderedEventList
                0x0000076a                pcTaskGetName
                0x000011ec                vTaskEndScheduler
                0x000011c8                vTaskPlaceOnEventList
                0x00000742                xTaskGetTickCount
                0x00000ad4                xTaskRemoveFromEventList
                0x00001270                vTaskDelete
                0x0000080a                xTaskCheckForTimeOut
                0x00001062                ulTaskNotifyTake
                0x00000736                vTaskSuspendAll
                0x00000758                xTaskGetTickCountFromISR
                0x000008a8                xTaskNotifyStateClear
                0x00000780                vTaskSwitchContext
                0x00000f54                xTaskNotifyWait
                0x00000764                uxTaskGetNumberOfTasks
                0x00000ce6                xTaskGenericNotify
                0x0000116a                vTaskDelayUntil
                0x00000974                xTaskGenericNotifyFromISR
                0x00000a6c                xTaskRemoveFromUnorderedEventList
                0x00000dba                xTaskResumeAll
                0x0000153e                vTaskStartScheduler
                0x00000870                vTaskMissedYield
                0x00000b54                xTaskIncrementTick
                0x0000134c                xTaskCreate
                0x00001144                vTaskDelay
                0x000007f4                vTaskSetTimeOutState
                0x00000878                uxTaskResetEventItemValue
                0x000008d2                vTaskNotifyGiveFromISR
 .text          0x0000158e      0x818 ../../Source/queue.o
                0x000016d4                xQueueCRReceiveFromISR
                0x00001926                xQueueGenericSendFromISR
                0x0000174a                xQueueCRSendFromISR
                0x000016aa                xQueuePeekFromISR
                0x00001812                xQueueCRSend
                0x0000187e                vQueueDelete
                0x00001b7c                xQueueGenericSend
                0x00001788                xQueueCRReceive
                0x00001884                xQueueReceiveFromISR
                0x00001d56                xQueueGenericCreate
                0x0000159e                uxQueueSpacesAvailable
                0x000015c8                xQueueIsQueueFullFromISR
                0x0000158e                uxQueueMessagesWaiting
                0x00001a08                xQueueGenericReceive
                0x00001cd2                xQueueGenericReset
                0x000015b2                uxQueueMessagesWaitingFromISR
                0x000015b8                xQueueIsQueueEmptyFromISR
                0x000018e0                xQueueGiveFromISR
 .text          0x00001da6      0x11e ../../Source/list.o
                0x00001dce                vListInsertEnd
                0x00001dc6                vListInitialiseItem
                0x00001da6                vListInitialise
                0x00001e70                uxListRemove
                0x00001e0c                vListInsert
 .text          0x00001ec4      0x37e ../../Source/croutine.o
                0x00001ec4                xCoRoutineRemoveFromEventList
                0x0000214e                xCoRoutineCreate
                0x00001f14                vCoRoutineSchedule
                0x000020d4                vCoRoutineAddToDelayedList
 .text          0x00002242       0x84 ../../Source/portable/MemMang/heap_1.o
                0x0000224e                xPortGetFreeHeapSize
                0x00002242                vPortFree
                0x00002262                pvPortMalloc
                0x00002244                vPortInitialiseBlocks
 .text          0x000022c6      0x27a ../../Source/portable/GCC/ATMega323/port.o
                0x00002358                xPortStartScheduler
                0x000023ce                vPortYieldFromTick
                0x000023cc                vPortEndScheduler
                0x00002488                __vector_17
                0x0000248e                vPortYield
                0x000022c6                pxPortInitialiseStack
 .text          0x00002540        0x0 c:/winavr-20100110/bin/../lib/gcc/avr/4.3.3/avr6\libgcc.a(_udivmodsi4.o)
 .text          0x00002540        0x0 c:/winavr-20100110/bin/../lib/gcc/avr/4.3.3/avr6\libgcc.a(_exit.o)
 .text          0x00002540        0x0 c:/winavr-20100110/bin/../lib/gcc/avr/4.3.3/avr6\libgcc.a(_clear_bss.o)
 .text          0x00002540        0x0 c:/winavr-20100110/bin/../lib/gcc/avr/4.3.3/../../../../avr/lib/avr6\libc.a(memcpy.o)
                0x00002540                . = ALIGN (0x2)
 *(.text.*)
 .text.libgcc   0x00002540       0x44 c:/winavr-20100110/bin/../lib/gcc/avr/4.3.3/avr6\libgcc.a(_udivmodsi4.o)
                0x00002540                __udivmodsi4
 .text.libgcc   0x00002584        0x0 c:/winavr-20100110/bin/../lib/gcc/avr/4.3.3/avr6\libgcc.a(_exit.o)
 .text.libgcc   0x00002584        0x0 c:/winavr-20100110/bin/../lib/gcc/avr/4.3.3/avr6\libgcc.a(_clear_bss.o)
 .text.avr-libc
                0x00002584       0x12 c:/winavr-20100110/bin/../lib/gcc/avr/4.3.3/../../../../avr/lib/avr6\libc.a(memcpy.o)
                0x00002584                memcpy
                0x00002596                . = ALIGN (0x2)
 *(.fini9)
 .fini9         0x00002596        0x0 c:/winavr-20100110/bin/../lib/gcc/avr/4.3.3/avr6\libgcc.a(_exit.o)
                0x00002596                exit
                0x00002596                _exit
 *(.fini9)
 *(.fini8)
 *(.fini8)
 *(.fini7)
 *(.fini7)
 *(.fini6)
 *(.fini6)
 *(.fini5)
 *(.fini5)
 *(.fini4)
 *(.fini4)
 *(.fini3)
 *(.fini3)
 *(.fini2)
 *(.fini2)
 *(.fini1)
 *(.fini1)
 *(.fini0)
 .fini0         0x00002596        0x4 c:/winavr-20100110/bin/../lib/gcc/avr/4.3.3/avr6\libgcc.a(_exit.o)
 *(.fini0)
                0x0000259a                _etext = .

.data           0x00800200       0x18 load address 0x0000259a
                0x00800200                PROVIDE (__data_start, .)
 *(.data)
 .data          0x00800200        0x0 c:/winavr-20100110/bin/../lib/gcc/avr/4.3.3/../../../../avr/lib/avr6/crtm2560.o
 .data          0x00800200        0x8 main.o
 .data          0x00800208        0x1 ParTest/ParTest.o
 .data          0x00800209        0x0 serial/serial.o
 .data          0x00800209        0xa regtest.o
 .data          0x00800213        0x5 ../../Source/tasks.o
 .data          0x00800218        0x0 ../../Source/queue.o
 .data          0x00800218        0x0 ../../Source/list.o
 .data          0x00800218        0x0 ../../Source/croutine.o
 .data          0x00800218        0x0 ../../Source/portable/MemMang/heap_1.o
 .data          0x00800218        0x0 ../../Source/portable/GCC/ATMega323/port.o
 .data          0x00800218        0x0 c:/winavr-20100110/bin/../lib/gcc/avr/4.3.3/avr6\libgcc.a(_udivmodsi4.o)
 .data          0x00800218        0x0 c:/winavr-20100110/bin/../lib/gcc/avr/4.3.3/avr6\libgcc.a(_exit.o)
 .data          0x00800218        0x0 c:/winavr-20100110/bin/../lib/gcc/avr/4.3.3/avr6\libgcc.a(_clear_bss.o)
 .data          0x00800218        0x0 c:/winavr-20100110/bin/../lib/gcc/avr/4.3.3/../../../../avr/lib/avr6\libc.a(memcpy.o)
 *(.data*)
 *(.rodata)
 *(.rodata*)
 *(.gnu.linkonce.d*)
                0x00800218                . = ALIGN (0x2)
                0x00800218                _edata = .
                0x00800218                PROVIDE (__data_end, .)

.bss            0x00800218      0x67c
                0x00800218                PROVIDE (__bss_start, .)
 *(.bss)
 .bss           0x00800218        0x0 c:/winavr-20100110/bin/../lib/gcc/avr/4.3.3/../../../../avr/lib/avr6/crtm2560.o
 .bss           0x00800218        0x0 main.o
 .bss           0x00800218        0x0 ParTest/ParTest.o
 .bss           0x00800218        0x4 serial/serial.o
 .bss           0x0080021c        0x1 regtest.o
                0x0080021c                xRegTestError
 .bss           0x0080021d       0x5d ../../Source/tasks.o
                0x0080021d                pxCurrentTCB
 .bss           0x0080027a        0x0 ../../Source/queue.o
 .bss           0x0080027a        0x0 ../../Source/list.o
 .bss           0x0080027a       0x3a ../../Source/croutine.o
                0x0080027a                pxCurrentCoRoutine
 .bss           0x008002b4      0x5e0 ../../Source/portable/MemMang/heap_1.o
 .bss           0x00800894        0x0 ../../Source/portable/GCC/ATMega323/port.o
 .bss           0x00800894        0x0 c:/winavr-20100110/bin/../lib/gcc/avr/4.3.3/avr6\libgcc.a(_udivmodsi4.o)
 .bss           0x00800894        0x0 c:/winavr-20100110/bin/../lib/gcc/avr/4.3.3/avr6\libgcc.a(_exit.o)
 .bss           0x00800894        0x0 c:/winavr-20100110/bin/../lib/gcc/avr/4.3.3/avr6\libgcc.a(_clear_bss.o)
 .bss           0x00800894        0x0 c:/winavr-20100110/bin/../lib/gcc/avr/4.3.3/../../../../avr/lib/avr6\libc.a(memcpy.o)
 *(.bss*)
 *(COMMON)
                0x00800894                PROVIDE (__bss_end, .)
                0x0000259a                __data_load_start = LOADADDR (.data)
                0x000025b2                __data_load_end = (__data_load_start + SIZEOF (.data))

.noinit         0x00800894        0x0
                0x00800894                PROVIDE (__noinit_start, .)
 *(.noinit*)
                0x00800894                PROVIDE (__noinit_end, .)
                0x00800894                _end = .
                0x00800894                PROVIDE (__heap_start, .)

.eeprom         0x00810000        0x0
 *(.eeprom*)
                0x00810000                __eeprom_end = .

.fuse
 *(.fuse)
 *(.lfuse)
 *(.hfuse)
 *(.efuse)

.lock
 *(.lock*)

.signature
 *(.signature*)

.stab
 *(.stab)

.stabstr
 *(.stabstr)

.stab.excl
 *(.stab.excl)

.stab.exclstr
 *(.stab.exclstr)

.stab.index
 *(.stab.index)

.stab.indexstr
 *(.stab.indexstr)

.comment
 *(.comment)

.debug
 *(.debug)

.line
 *(.line)

.debug_srcinfo
 *(.debug_srcinfo)

.debug_sfnames
 *(.debug_sfnames)

.debug_aranges  0x00000000      0x140
 *(.debug_aranges)
 .debug_aranges
                0x00000000       0x20 main.o
 .debug_aranges
                0x00000020       0x20 ParTest/ParTest.o
 .debug_aranges
                0x00000040       0x20 serial/serial.o
 .debug_aranges
                0x00000060       0x20 regtest.o
 .debug_aranges
                0x00000080       0x20 ../../Source/tasks.o
 .debug_aranges
                0x000000a0       0x20 ../../Source/queue.o
 .debug_aranges
                0x000000c0       0x20 ../../Source/list.o
 .debug_aranges
                0x000000e0       0x20 ../../Source/croutine.o
 .debug_aranges
                0x00000100       0x20 ../../Source/portable/MemMang/heap_1.o
 .debug_aranges
                0x00000120       0x20 ../../Source/portable/GCC/ATMega323/port.o

.debug_pubnames
                0x00000000      0x7fd
 *(.debug_pubnames)
 .debug_pubnames
                0x00000000       0x40 main.o
 .debug_pubnames
                0x00000040       0x52 ParTest/ParTest.o
 .debug_pubnames
                0x00000092       0x84 serial/serial.o
 .debug_pubnames
                0x00000116       0x5c regtest.o
 .debug_pubnames
                0x00000172      0x2c1 ../../Source/tasks.o
 .debug_pubnames
                0x00000433      0x1ce ../../Source/queue.o
 .debug_pubnames
                0x00000601       0x72 ../../Source/list.o
 .debug_pubnames
                0x00000673       0x96 ../../Source/croutine.o
 .debug_pubnames
                0x00000709       0x64 ../../Source/portable/MemMang/heap_1.o
 .debug_pubnames
                0x0000076d       0x90 ../../Source/portable/GCC/ATMega323/port.o

.debug_info     0x00000000     0x3019
 *(.debug_info)
 .debug_info    0x00000000      0x1f1 main.o
 .debug_info    0x000001f1      0x10f ParTest/ParTest.o
 .debug_info    0x00000300      0x294 serial/serial.o
 .debug_info    0x00000594      0x10e regtest.o
 .debug_info    0x000006a2     0x1145 ../../Source/tasks.o
 .debug_info    0x000017e7      0xd22 ../../Source/queue.o
 .debug_info    0x00002509      0x2b5 ../../Source/list.o
 .debug_info    0x000027be      0x50e ../../Source/croutine.o
 .debug_info    0x00002ccc      0x15b ../../Source/portable/MemMang/heap_1.o
 .debug_info    0x00002e27      0x1f2 ../../Source/portable/GCC/ATMega323/port.o
 *(.gnu.linkonce.wi.*)

.debug_abbrev   0x00000000      0xc74
 *(.debug_abbrev)
 .debug_abbrev  0x00000000      0x126 main.o
 .debug_abbrev  0x00000126       0x93 ParTest/ParTest.o
 .debug_abbrev  0x000001b9       0xd2 serial/serial.o
 .debug_abbrev  0x0000028b       0xce regtest.o
 .debug_abbrev  0x00000359      0x28a ../../Source/tasks.o
 .debug_abbrev  0x000005e3      0x1d3 ../../Source/queue.o
 .debug_abbrev  0x000007b6       0xdf ../../Source/list.o
 .debug_abbrev  0x00000895      0x1cd ../../Source/croutine.o
 .debug_abbrev  0x00000a62       0xfa ../../Source/portable/MemMang/heap_1.o
 .debug_abbrev  0x00000b5c      0x118 ../../Source/portable/GCC/ATMega323/port.o

.debug_line     0x00000000     0x2fc1
 *(.debug_line)
 .debug_line    0x00000000      0x1c3 main.o
 .debug_line    0x000001c3      0x11d ParTest/ParTest.o
 .debug_line    0x000002e0      0x260 serial/serial.o
 .debug_line    0x00000540      0x8d6 regtest.o
 .debug_line    0x00000e16      0xca4 ../../Source/tasks.o
 .debug_line    0x00001aba      0xa88 ../../Source/queue.o
 .debug_line    0x00002542      0x255 ../../Source/list.o
 .debug_line    0x00002797      0x368 ../../Source/croutine.o
 .debug_line    0x00002aff      0x16c ../../Source/portable/MemMang/heap_1.o
 .debug_line    0x00002c6b      0x356 ../../Source/portable/GCC/ATMega323/port.o

.debug_frame    0x00000000      0x600
 *(.debug_frame)
 .debug_frame   0x00000000       0x40 main.o
 .debug_frame   0x00000040       0x40 ParTest/ParTest.o
 .debug_frame   0x00000080       0x70 serial/serial.o
 .debug_frame   0x000000f0       0x50 regtest.o
 .debug_frame   0x00000140      0x1f0 ../../Source/tasks.o
 .debug_frame   0x00000330      0x160 ../../Source/queue.o
 .debug_frame   0x00000490       0x60 ../../Source/list.o
 .debug_frame   0x000004f0       0x50 ../../Source/croutine.o
 .debug_frame   0x00000540       0x50 ../../Source/portable/MemMang/heap_1.o
 .debug_frame   0x00000590       0x70 ../../Source/portable/GCC/ATMega323/port.o

.debug_str      0x00000000     0x142a
 *(.debug_str)
 .debug_str     0x00000000      0x130 main.o
                                0x169 (size before relaxing)
 .debug_str     0x00000130       0x6e ParTest/ParTest.o
                                0x154 (size before relaxing)
 .debug_str     0x0000019e      0x11d serial/serial.o
                                0x22b (size before relaxing)
 .debug_str     0x000002bb       0x6c regtest.o
                                0x167 (size before relaxing)
 .debug_str     0x00000327      0x8ef ../../Source/tasks.o
                                0xa3b (size before relaxing)
 .debug_str     0x00000c16      0x390 ../../Source/queue.o
                                0x5fc (size before relaxing)
 .debug_str     0x00000fa6       0xa8 ../../Source/list.o
                                0x23d (size before relaxing)
 .debug_str     0x0000104e      0x25d ../../Source/croutine.o
                                0x45d (size before relaxing)
 .debug_str     0x000012ab       0xa2 ../../Source/portable/MemMang/heap_1.o
                                0x197 (size before relaxing)
 .debug_str     0x0000134d       0xdd ../../Source/portable/GCC/ATMega323/port.o
                                0x21d (size before relaxing)

.debug_loc      0x00000000     0x1e32
 *(.debug_loc)
 .debug_loc     0x00000000       0xa8 main.o
 .debug_loc     0x000000a8       0xa1 ParTest/ParTest.o
 .debug_loc     0x00000149      0x1a3 serial/serial.o
 .debug_loc     0x000002ec      0xc32 ../../Source/tasks.o
 .debug_loc     0x00000f1e      0xb71 ../../Source/queue.o
 .debug_loc     0x00001a8f      0x138 ../../Source/list.o
 .debug_loc     0x00001bc7      0x1d0 ../../Source/croutine.o
 .debug_loc     0x00001d97       0x60 ../../Source/portable/MemMang/heap_1.o
 .debug_loc     0x00001df7       0x3b ../../Source/portable/GCC/ATMega323/port.o

.debug_macinfo
 *(.debug_macinfo)
OUTPUT(rtosdemo.elf elf32-avr)
LOAD linker stubs

.debug_ranges   0x00000000       0x78
 .debug_ranges  0x00000000       0x48 main.o
 .debug_ranges  0x00000048       0x18 ../../Source/tasks.o
 .debug_ranges  0x00000060       0x18 ../../Source/queue.o

Cross Reference Table

Symbol                                            File
__bad_interrupt                                   c:/winavr-20100110/bin/../lib/gcc/avr/4.3.3/../../../../avr/lib/avr6/crtm2560.o
__bss_end                                         c:/winavr-20100110/bin/../lib/gcc/avr/4.3.3/avr6\libgcc.a(_clear_bss.o)
__bss_start                                       c:/winavr-20100110/bin/../lib/gcc/avr/4.3.3/avr6\libgcc.a(_clear_bss.o)
__data_end                                        c:/winavr-20100110/bin/../lib/gcc/avr/4.3.3/../../../../avr/lib/avr6/crtm2560.o
__data_load_start                                 c:/winavr-20100110/bin/../lib/gcc/avr/4.3.3/../../../../avr/lib/avr6/crtm2560.o
__data_start                                      c:/winavr-20100110/bin/../lib/gcc/avr/4.3.3/../../../../avr/lib/avr6/crtm2560.o
__do_clear_bss                                    c:/winavr-20100110/bin/../lib/gcc/avr/4.3.3/avr6\libgcc.a(_clear_bss.o)
                                                  ../../Source/portable/MemMang/heap_1.o
                                                  ../../Source/croutine.o
                                                  ../../Source/tasks.o
                                                  regtest.o
                                                  serial/serial.o
__do_copy_data                                    c:/winavr-20100110/bin/../lib/gcc/avr/4.3.3/../../../../avr/lib/avr6/crtm2560.o
                                                  ../../Source/tasks.o
                                                  regtest.o
                                                  ParTest/ParTest.o
                                                  main.o
__heap_end                                        c:/winavr-20100110/bin/../lib/gcc/avr/4.3.3/../../../../avr/lib/avr6/crtm2560.o
__init                                            c:/winavr-20100110/bin/../lib/gcc/avr/4.3.3/../../../../avr/lib/avr6/crtm2560.o
__stack                                           c:/winavr-20100110/bin/../lib/gcc/avr/4.3.3/../../../../avr/lib/avr6/crtm2560.o
__udivmodsi4                                      c:/winavr-20100110/bin/../lib/gcc/avr/4.3.3/avr6\libgcc.a(_udivmodsi4.o)
                                                  serial/serial.o
__vector_1                                        c:/winavr-20100110/bin/../lib/gcc/avr/4.3.3/../../../../avr/lib/avr6/crtm2560.o
__vector_10                                       c:/winavr-20100110/bin/../lib/gcc/avr/4.3.3/../../../../avr/lib/avr6/crtm2560.o
__vector_11                                       c:/winavr-20100110/bin/../lib/gcc/avr/4.3.3/../../../../avr/lib/avr6/crtm2560.o
__vector_12                                       c:/winavr-20100110/bin/../lib/gcc/avr/4.3.3/../../../../avr/lib/avr6/crtm2560.o
__vector_13                                       c:/winavr-20100110/bin/../lib/gcc/avr/4.3.3/../../../../avr/lib/avr6/crtm2560.o
__vector_14                                       c:/winavr-20100110/bin/../lib/gcc/avr/4.3.3/../../../../avr/lib/avr6/crtm2560.o
__vector_15                                       c:/winavr-20100110/bin/../lib/gcc/avr/4.3.3/../../../../avr/lib/avr6/crtm2560.o
__vector_16                                       c:/winavr-20100110/bin/../lib/gcc/avr/4.3.3/../../../../avr/lib/avr6/crtm2560.o
__vector_17                                       ../../Source/portable/GCC/ATMega323/port.o
                                                  c:/winavr-20100110/bin/../lib/gcc/avr/4.3.3/../../../../avr/lib/avr6/crtm2560.o
__vector_18                                       c:/winavr-20100110/bin/../lib/gcc/avr/4.3.3/../../../../avr/lib/avr6/crtm2560.o
__vector_19                                       c:/winavr-20100110/bin/../lib/gcc/avr/4.3.3/../../../../avr/lib/avr6/crtm2560.o
__vector_2                                        c:/winavr-20100110/bin/../lib/gcc/avr/4.3.3/../../../../avr/lib/avr6/crtm2560.o
__vector_20                                       c:/winavr-20100110/bin/../lib/gcc/avr/4.3.3/../../../../avr/lib/avr6/crtm2560.o
__vector_21                                       c:/winavr-20100110/bin/../lib/gcc/avr/4.3.3/../../../../avr/lib/avr6/crtm2560.o
__vector_22                                       c:/winavr-20100110/bin/../lib/gcc/avr/4.3.3/../../../../avr/lib/avr6/crtm2560.o
__vector_23                                       c:/winavr-20100110/bin/../lib/gcc/avr/4.3.3/../../../../avr/lib/avr6/crtm2560.o
__vector_24                                       c:/winavr-20100110/bin/../lib/gcc/avr/4.3.3/../../../../avr/lib/avr6/crtm2560.o
__vector_25                                       c:/winavr-20100110/bin/../lib/gcc/avr/4.3.3/../../../../avr/lib/avr6/crtm2560.o
__vector_26                                       c:/winavr-20100110/bin/../lib/gcc/avr/4.3.3/../../../../avr/lib/avr6/crtm2560.o
__vector_27                                       c:/winavr-20100110/bin/../lib/gcc/avr/4.3.3/../../../../avr/lib/avr6/crtm2560.o
__vector_28                                       c:/winavr-20100110/bin/../lib/gcc/avr/4.3.3/../../../../avr/lib/avr6/crtm2560.o
__vector_29                                       c:/winavr-20100110/bin/../lib/gcc/avr/4.3.3/../../../../avr/lib/avr6/crtm2560.o
__vector_3                                        c:/winavr-20100110/bin/../lib/gcc/avr/4.3.3/../../../../avr/lib/avr6/crtm2560.o
__vector_30                                       c:/winavr-20100110/bin/../lib/gcc/avr/4.3.3/../../../../avr/lib/avr6/crtm2560.o
__vector_31                                       c:/winavr-20100110/bin/../lib/gcc/avr/4.3.3/../../../../avr/lib/avr6/crtm2560.o
__vector_32                                       c:/winavr-20100110/bin/../lib/gcc/avr/4.3.3/../../../../avr/lib/avr6/crtm2560.o
__vector_33                                       c:/winavr-20100110/bin/../lib/gcc/avr/4.3.3/../../../../avr/lib/avr6/crtm2560.o
__vector_34                                       c:/winavr-20100110/bin/../lib/gcc/avr/4.3.3/../../../../avr/lib/avr6/crtm2560.o
__vector_35                                       c:/winavr-20100110/bin/../lib/gcc/avr/4.3.3/../../../../avr/lib/avr6/crtm2560.o
__vector_36                                       serial/serial.o
                                                  c:/winavr-20100110/bin/../lib/gcc/avr/4.3.3/../../../../avr/lib/avr6/crtm2560.o
__vector_37                                       serial/serial.o
                                                  c:/winavr-20100110/bin/../lib/gcc/avr/4.3.3/../../../../avr/lib/avr6/crtm2560.o
__vector_38                                       c:/winavr-20100110/bin/../lib/gcc/avr/4.3.3/../../../../avr/lib/avr6/crtm2560.o
__vector_39                                       c:/winavr-20100110/bin/../lib/gcc/avr/4.3.3/../../../../avr/lib/avr6/crtm2560.o
__vector_4                                        c:/winavr-20100110/bin/../lib/gcc/avr/4.3.3/../../../../avr/lib/avr6/crtm2560.o
__vector_40                                       c:/winavr-20100110/bin/../lib/gcc/avr/4.3.3/../../../../avr/lib/avr6/crtm2560.o
__vector_41                                       c:/winavr-20100110/bin/../lib/gcc/avr/4.3.3/../../../../avr/lib/avr6/crtm2560.o
__vector_42                                       c:/winavr-20100110/bin/../lib/gcc/avr/4.3.3/../../../../avr/lib/avr6/crtm2560.o
__vector_43                                       c:/winavr-20100110/bin/../lib/gcc/avr/4.3.3/../../../../avr/lib/avr6/crtm2560.o
__vector_44                                       c:/winavr-20100110/bin/../lib/gcc/avr/4.3.3/../../../../avr/lib/avr6/crtm2560.o
__vector_45                                       c:/winavr-20100110/bin/../lib/gcc/avr/4.3.3/../../../../avr/lib/avr6/crtm2560.o
__vector_46                                       c:/winavr-20100110/bin/../lib/gcc/avr/4.3.3/../../../../avr/lib/avr6/crtm2560.o
__vector_47                                       c:/winavr-20100110/bin/../lib/gcc/avr/4.3.3/../../../../avr/lib/avr6/crtm2560.o
__vector_48                                       c:/winavr-20100110/bin/../lib/gcc/avr/4.3.3/../../../../avr/lib/avr6/crtm2560.o
__vector_49                                       c:/winavr-20100110/bin/../lib/gcc/avr/4.3.3/../../../../avr/lib/avr6/crtm2560.o
__vector_5                                        c:/winavr-20100110/bin/../lib/gcc/avr/4.3.3/../../../../avr/lib/avr6/crtm2560.o
__vector_50                                       c:/winavr-20100110/bin/../lib/gcc/avr/4.3.3/../../../../avr/lib/avr6/crtm2560.o
__vector_51                                       c:/winavr-20100110/bin/../lib/gcc/avr/4.3.3/../../../../avr/lib/avr6/crtm2560.o
__vector_52                                       c:/winavr-20100110/bin/../lib/gcc/avr/4.3.3/../../../../avr/lib/avr6/crtm2560.o
__vector_53                                       c:/winavr-20100110/bin/../lib/gcc/avr/4.3.3/../../../../avr/lib/avr6/crtm2560.o
__vector_54                                       c:/winavr-20100110/bin/../lib/gcc/avr/4.3.3/../../../../avr/lib/avr6/crtm2560.o
__vector_55                                       c:/winavr-20100110/bin/../lib/gcc/avr/4.3.3/../../../../avr/lib/avr6/crtm2560.o
__vector_56                                       c:/winavr-20100110/bin/../lib/gcc/avr/4.3.3/../../../../avr/lib/avr6/crtm2560.o
__vector_6                                        c:/winavr-20100110/bin/../lib/gcc/avr/4.3.3/../../../../avr/lib/avr6/crtm2560.o
__vector_7                                        c:/winavr-20100110/bin/../lib/gcc/avr/4.3.3/../../../../avr/lib/avr6/crtm2560.o
__vector_8                                        c:/winavr-20100110/bin/../lib/gcc/avr/4.3.3/../../../../avr/lib/avr6/crtm2560.o
__vector_9                                        c:/winavr-20100110/bin/../lib/gcc/avr/4.3.3/../../../../avr/lib/avr6/crtm2560.o
__vector_default                                  c:/winavr-20100110/bin/../lib/gcc/avr/4.3.3/../../../../avr/lib/avr6/crtm2560.o
__vectors                                         c:/winavr-20100110/bin/../lib/gcc/avr/4.3.3/../../../../avr/lib/avr6/crtm2560.o
_exit                                             c:/winavr-20100110/bin/../lib/gcc/avr/4.3.3/avr6\libgcc.a(_exit.o)
exit                                              c:/winavr-20100110/bin/../lib/gcc/avr/4.3.3/avr6\libgcc.a(_exit.o)
                                                  c:/winavr-20100110/bin/../lib/gcc/avr/4.3.3/../../../../avr/lib/avr6/crtm2560.o
ledTest                                           main.o
main                                              main.o
                                                  c:/winavr-20100110/bin/../lib/gcc/avr/4.3.3/../../../../avr/lib/avr6/crtm2560.o
memcpy                                            c:/winavr-20100110/bin/../lib/gcc/avr/4.3.3/../../../../avr/lib/avr6\libc.a(memcpy.o)
                                                  ../../Source/queue.o
pcTaskGetName                                     ../../Source/tasks.o
pvPortMalloc                                      ../../Source/portable/MemMang/heap_1.o
                                                  ../../Source/croutine.o
                                                  ../../Source/queue.o
                                                  ../../Source/tasks.o
pxCurrentCoRoutine                                ../../Source/croutine.o
pxCurrentTCB                                      ../../Source/tasks.o
                                                  ../../Source/portable/GCC/ATMega323/port.o
pxPortInitialiseStack                             ../../Source/portable/GCC/ATMega323/port.o
                                                  ../../Source/tasks.o
ulTaskNotifyTake                                  ../../Source/tasks.o
uxListRemove                                      ../../Source/list.o
                                                  ../../Source/croutine.o
                                                  ../../Source/tasks.o
uxQueueMessagesWaiting                            ../../Source/queue.o
uxQueueMessagesWaitingFromISR                     ../../Source/queue.o
uxQueueSpacesAvailable                            ../../Source/queue.o
uxTaskGetNumberOfTasks                            ../../Source/tasks.o
uxTaskResetEventItemValue                         ../../Source/tasks.o
vApplicationIdleHook                              main.o
                                                  ../../Source/tasks.o
vCoRoutineAddToDelayedList                        ../../Source/croutine.o
                                                  ../../Source/queue.o
vCoRoutineSchedule                                ../../Source/croutine.o
vListInitialise                                   ../../Source/list.o
                                                  ../../Source/croutine.o
                                                  ../../Source/queue.o
                                                  ../../Source/tasks.o
vListInitialiseItem                               ../../Source/list.o
                                                  ../../Source/croutine.o
                                                  ../../Source/tasks.o
vListInsert                                       ../../Source/list.o
                                                  ../../Source/croutine.o
                                                  ../../Source/tasks.o
vListInsertEnd                                    ../../Source/list.o
                                                  ../../Source/croutine.o
                                                  ../../Source/tasks.o
vParTestInitialise                                ParTest/ParTest.o
vParTestSetLED                                    ParTest/ParTest.o
vParTestToggleLED                                 ParTest/ParTest.o
vPortEndScheduler                                 ../../Source/portable/GCC/ATMega323/port.o
                                                  ../../Source/tasks.o
vPortFree                                         ../../Source/portable/MemMang/heap_1.o
                                                  ../../Source/queue.o
                                                  ../../Source/tasks.o
vPortInitialiseBlocks                             ../../Source/portable/MemMang/heap_1.o
vPortYield                                        ../../Source/portable/GCC/ATMega323/port.o
                                                  ../../Source/queue.o
                                                  ../../Source/tasks.o
                                                  serial/serial.o
vPortYieldFromTick                                ../../Source/portable/GCC/ATMega323/port.o
vQueueDelete                                      ../../Source/queue.o
vSerialClose                                      serial/serial.o
vStartRegTestTasks                                regtest.o
vTaskDelay                                        ../../Source/tasks.o
                                                  main.o
vTaskDelayUntil                                   ../../Source/tasks.o
vTaskDelete                                       ../../Source/tasks.o
vTaskEndScheduler                                 ../../Source/tasks.o
vTaskMissedYield                                  ../../Source/tasks.o
                                                  ../../Source/queue.o
vTaskNotifyGiveFromISR                            ../../Source/tasks.o
vTaskPlaceOnEventList                             ../../Source/tasks.o
                                                  ../../Source/queue.o
vTaskPlaceOnUnorderedEventList                    ../../Source/tasks.o
vTaskSetTimeOutState                              ../../Source/tasks.o
                                                  ../../Source/queue.o
vTaskStartScheduler                               ../../Source/tasks.o
                                                  main.o
vTaskSuspendAll                                   ../../Source/tasks.o
                                                  ../../Source/portable/MemMang/heap_1.o
                                                  ../../Source/queue.o
                                                  ParTest/ParTest.o
vTaskSwitchContext                                ../../Source/tasks.o
                                                  ../../Source/portable/GCC/ATMega323/port.o
xAreRegTestTasksStillRunning                      regtest.o
xCoRoutineCreate                                  ../../Source/croutine.o
xCoRoutineRemoveFromEventList                     ../../Source/croutine.o
                                                  ../../Source/queue.o
xPortGetFreeHeapSize                              ../../Source/portable/MemMang/heap_1.o
xPortStartScheduler                               ../../Source/portable/GCC/ATMega323/port.o
                                                  ../../Source/tasks.o
xQueueCRReceive                                   ../../Source/queue.o
xQueueCRReceiveFromISR                            ../../Source/queue.o
xQueueCRSend                                      ../../Source/queue.o
xQueueCRSendFromISR                               ../../Source/queue.o
xQueueGenericCreate                               ../../Source/queue.o
                                                  serial/serial.o
xQueueGenericReceive                              ../../Source/queue.o
                                                  serial/serial.o
xQueueGenericReset                                ../../Source/queue.o
xQueueGenericSend                                 ../../Source/queue.o
                                                  serial/serial.o
xQueueGenericSendFromISR                          ../../Source/queue.o
                                                  serial/serial.o
xQueueGiveFromISR                                 ../../Source/queue.o
xQueueIsQueueEmptyFromISR                         ../../Source/queue.o
xQueueIsQueueFullFromISR                          ../../Source/queue.o
xQueuePeekFromISR                                 ../../Source/queue.o
xQueueReceiveFromISR                              ../../Source/queue.o
                                                  serial/serial.o
xRegTestError                                     regtest.o
xSerialGetChar                                    serial/serial.o
xSerialPortInitMinimal                            serial/serial.o
xSerialPutChar                                    serial/serial.o
xTaskCheckForTimeOut                              ../../Source/tasks.o
                                                  ../../Source/queue.o
xTaskCreate                                       ../../Source/tasks.o
                                                  regtest.o
                                                  main.o
xTaskGenericNotify                                ../../Source/tasks.o
xTaskGenericNotifyFromISR                         ../../Source/tasks.o
xTaskGetTickCount                                 ../../Source/tasks.o
                                                  ../../Source/croutine.o
xTaskGetTickCountFromISR                          ../../Source/tasks.o
xTaskIncrementTick                                ../../Source/tasks.o
                                                  ../../Source/portable/GCC/ATMega323/port.o
xTaskNotifyStateClear                             ../../Source/tasks.o
xTaskNotifyWait                                   ../../Source/tasks.o
xTaskRemoveFromEventList                          ../../Source/tasks.o
                                                  ../../Source/queue.o
xTaskRemoveFromUnorderedEventList                 ../../Source/tasks.o
xTaskResumeAll                                    ../../Source/tasks.o
                                                  ../../Source/portable/MemMang/heap_1.o
                                                  ../../Source/queue.o
                                                  ParTest/ParTest.o
